
============================================================
  Ad Compliance AI Agent: MVP Test Simulation
============================================================

--- [Test 1] Case ---
Input: このサプリを飲めば、絶対に10kg痩せて、病気も全て治ります。日本一の究極ダイエットです。

Safe Status: RISKY
Confidence Score: 0.0
Detected Legal Issues:
  - [HIGH] 景表法: 客観的な根拠や比較データがない状態での最上級表現。
    Suggestion: 多くの方に選ばれている / 独自の配合にこだわった
  - [MEDIUM] 景表法: 誇大広告、消費者の過度な期待を煽る表現。
    Suggestion: 上質な / こだわり抜いた

Refining with Humanizer AI (Safety-First)...
Polished Text: 拝啓　春の風が心地よく感じられる季節となりましたが、皆様におかれましてはますますご健勝のこととお喜び申し上げます。

さて、この度は私どもがご提案するサプリメントについて、ご案内させていただきたく存じます。日々、美と健康の追求にご尽力されている皆様にとって、少しでもお役に立てればとの思いから、心を込めてお届けいたします。

このサプリメントは、日常の健康維持や体重管理をサポートするために開発されました。忙しい毎日の中で、健康の維持は時に難しい課題となることもあるかと存じます。そんな時、このサプリメントが皆様の健康を支える一助となれば幸いです。

ご興味をお持ちいただけましたら、ぜひ一度無料トライアルをお試しいただければと存じます。詳細やお申し込みにつきましては、下記のリンクよりご確認いただけます。

[無料トライアルのご案内](https://example.com)

また、決済につきましては、Stripeを通じて安全かつスムーズにお手続きいただけます。詳細は以下のURLをご覧ください。

[決済リンク](https://stripe.com)

皆様の健康と美容の未来を共に創り上げていけることを心より願っております。ご不明な点やご質問がございましたら、どうぞお気軽にお問い合わせください。

何卒よろしくお願い申し上げます。

敬具
Final Integrity Status: SECURE
------------------------------------------------------------

--- [Test 2] Case ---
Input: 年齢より若返る魔法のような美容液。アンチエイジング効果でシワが完全に消えます。

Safe Status: RISKY
Confidence Score: 0.0
Detected Legal Issues:
  - [HIGH] 薬機法: 身体の機能や構造の変化を暗示。化粧品の効能範囲を逸脱。
    Suggestion: 年齢に応じたケア / ハリのある毎日を
  - [MEDIUM] 景表法: 誇大広告、消費者の過度な期待を煽る表現。
    Suggestion: 上質な / こだわり抜いた

Refining with Humanizer AI (Safety-First)...
Polished Text: 拝啓　春の訪れを感じる今日この頃、皆様におかれましてはますますご健勝のこととお喜び申し上げます。

さて、私たちはこの春、新しい美容液をご紹介したく、筆を執らせていただきました。年齢を重ねる中で、美しさを保つことは容易ではないと存じます。業界の最前線で日々ご尽力されている皆様に、少しでもお力添えができればと考え、開発に取り組んでまいりました。

この美容液は、まるで時間を巻き戻すかのようなアンチエイジング効果を持ち、肌のシワを目立たなくすることを目指しております。もちろん、どなたがご使用いただいても安心してお試しいただけるよう、細心の注意を払い、品質を追求いたしました。

ぜひ一度、無料トライアルをご利用いただき、実際の効果をお確かめいただければと存じます。詳細やお申し込みは、以下のリンクよりご確認いただけますので、ご都合の良い時にご覧いただければ幸いです。

[決済リンク: Stripeの決済URL]

今後とも、皆様と共に歩み続けるパートナーシップを築いていけますよう、心より願っております。何かご不明な点やご質問がございましたら、どうぞお気軽にお知らせくださいませ。

敬具

追伸：季節の変わり目、どうぞご自愛ください。
Final Integrity Status: STILL HAS RISKS
------------------------------------------------------------

--- [Test 3] Case ---
Input: 毎日の潤いをサポートする、こだわりの国産成分を配合した美容液です。

Safe Status: PASSED
Confidence Score: 1.0

Text is clean. No rewrite required.
------------------------------------------------------------

